[1/5] 企划：世界观 + 角色卡 …
  [轮次 1] 题材：仙侠问道（仙侠）。请设计世界观：{"worldview": {"name"…
    [网络重试 1/3] timeout
  [轮次 2] 题材：仙侠问道（仙侠）。世界观：{"worldview": {"name": "…
    [网络重试 1/3] RemoteDisconnected
  角色：沈清砚、林小满、苏暮寒、孟扶摇、纪无霜、阿蛮、巫昭、苏狸
[2/5] 总纲：分幕大纲（含场景声明）…
  [轮次 3] 题材：仙侠问道。世界观：{"worldview": {"name": "九域苍穹…
  主线：断崖逢生·钥现九域 → 墟渊夺宝·宿敌重逢 → 古战揭秘·择道问心
[3/5] 写作：主线 + 角色路线 + 专属结局 …
  [轮次 4] 题材：仙侠问道。世界观：{"worldview": {"name": "九域苍穹…
  [轮次 5] 题材：仙侠问道。世界观：{"worldview": {"name": "九域苍穹…
  [轮次 6] 题材：仙侠问道。世界观：{"worldview": {"name": "九域苍穹…
  [轮次 7] 题材：仙侠问道。世界观：{"worldview": {"name": "九域苍穹…
  [轮次 8] 题材：仙侠问道。世界观：{"worldview": {"name": "九域苍穹…
  [轮次 9] 题材：仙侠问道。世界观：{"worldview": {"name": "九域苍穹…
  [轮次 10] 题材：仙侠问道。世界观：{"worldview": {"name": "九域苍穹…
  [轮次 11] 题材：仙侠问道。世界观：{"worldview": {"name": "九域苍穹…
  [轮次 12] 题材：仙侠问道。世界观：{"worldview": {"name": "九域苍穹…
  [轮次 13] 题材：仙侠问道。世界观：{"worldview": {"name": "九域苍穹…
  [轮次 14] 题材：仙侠问道。世界观：{"worldview": {"name": "九域苍穹…
  场景共 22 个
  [修复] 补建女主角色卡 player（立绘暂借第一位角色，可后期单独出图）
  [修复] route_c6_1: 站位角色 c0 -> c1
  [修复] end_c6: 站位角色 c0 -> c1
  [修复] 已插入路线调度场景 route_dispatch
[4/5] 出图（阶跃 step-image-edit-2 + rembg 透明抠图）…  这可能要十几分钟
== 素材清单 ==  图片 43 张 / 配音 0 条 / 音频清单 0 项
== 图片费用估算 ==  43 × 0.02 元 = 0.86 元
[sprite] pending seed=1888207756 chars/c1_normal.png
    prompt(131字): 水墨国风插画，宣纸质感，留白构图，暖色灯笼光，角色立绘：沈清砚，清冷美人，眉峰如剑，眼尾坠朱砂痣，洗得发白的月白剑袍，袖口绣暗纹剑穗，背断水剑缠褪色红绸，脚踩皂色靴normal表情，单人全身立绘，纯绿幕 #00FF00 背景，无阴影，画风统一，画面干净无任何文字
[sprite] pending seed=1005299679 chars/c1_smile.png
    prompt(130字): 水墨国风插画，宣纸质感，留白构图，暖色灯笼光，角色立绘：沈清砚，清冷美人，眉峰如剑，眼尾坠朱砂痣，洗得发白的月白剑袍，袖口绣暗纹剑穗，背断水剑缠褪色红绸，脚踩皂色靴smile表情，单人全身立绘，纯绿幕 #00FF00 背景，无阴影，画风统一，画面干净无任何文字
[sprite] pending seed=1444780902 chars/c1_sad.png
    prompt(128字): 水墨国风插画，宣纸质感，留白构图，暖色灯笼光，角色立绘：沈清砚，清冷美人，眉峰如剑，眼尾坠朱砂痣，洗得发白的月白剑袍，袖口绣暗纹剑穗，背断水剑缠褪色红绸，脚踩皂色靴sad表情，单人全身立绘，纯绿幕 #00FF00 背景，无阴影，画风统一，画面干净无任何文字
[sprite] pending seed=1278548608 chars/c2_normal.png
    prompt(135字): 水墨国风插画，宣纸质感，留白构图，暖色灯笼光，角色立绘：林小满，圆脸杏眼，高马尾发尾编小野花，穿洗得发黄的靛色短打，腰挂布兜装野果，脚踩草鞋，脚踝系铜铃铛，看起来机灵又跳脱normal表情，单人全身立绘，纯绿幕 #00FF00 背景，无阴影，画风统一，画面干净无任何文字
[sprite] pending seed=605705505  chars/c2_smile.png
    prompt(134字): 水墨国风插画，宣纸质感，留白构图，暖色灯笼光，角色立绘：林小满，圆脸杏眼，高马尾发尾编小野花，穿洗得发黄的靛色短打，腰挂布兜装野果，脚踩草鞋，脚踝系铜铃铛，看起来机灵又跳脱smile表情，单人全身立绘，纯绿幕 #00FF00 背景，无阴影，画风统一，画面干净无任何文字
[sprite] pending seed=1472172335 chars/c2_sad.png
    prompt(132字): 水墨国风插画，宣纸质感，留白构图，暖色灯笼光，角色立绘：林小满，圆脸杏眼，高马尾发尾编小野花，穿洗得发黄的靛色短打，腰挂布兜装野果，脚踩草鞋，脚踝系铜铃铛，看起来机灵又跳脱sad表情，单人全身立绘，纯绿幕 #00FF00 背景，无阴影，画风统一，画面干净无任何文字
[sprite] pending seed=1665473647 chars/c3_normal.png
    prompt(133字): 水墨国风插画，宣纸质感，留白构图，暖色灯笼光，角色立绘：苏暮寒，雪肤红唇，额间坠红月印记，穿玄色绣银纹魔宗弟子服，腰挂骷髅头长鞭，眼尾上挑看人总带讥笑，玄色靴踩地有回声normal表情，单人全身立绘，纯绿幕 #00FF00 背景，无阴影，画风统一，画面干净无任何文字
[sprite] pending seed=1042793811 chars/c3_smile.png
    prompt(132字): 水墨国风插画，宣纸质感，留白构图，暖色灯笼光，角色立绘：苏暮寒，雪肤红唇，额间坠红月印记，穿玄色绣银纹魔宗弟子服，腰挂骷髅头长鞭，眼尾上挑看人总带讥笑，玄色靴踩地有回声smile表情，单人全身立绘，纯绿幕 #00FF00 背景，无阴影，画风统一，画面干净无任何文字
[sprite] pending seed=856499108  chars/c3_sad.png
    prompt(130字): 水墨国风插画，宣纸质感，留白构图，暖色灯笼光，角色立绘：苏暮寒，雪肤红唇，额间坠红月印记，穿玄色绣银纹魔宗弟子服，腰挂骷髅头长鞭，眼尾上挑看人总带讥笑，玄色靴踩地有回声sad表情，单人全身立绘，纯绿幕 #00FF00 背景，无阴影，画风统一，画面干净无任何文字
[sprite] pending seed=2027227332 chars/c4_normal.png
    prompt(141字): 水墨国风插画，宣纸质感，留白构图，暖色灯笼光，角色立绘：孟扶摇，身披洗得发白的青布道袍，面上蒙半层面纱，露出的桃花眼清亮，指甲染凤仙红，腕挂铜钱串，永远抱本破旧天机册，看起来慵懒又神秘normal表情，单人全身立绘，纯绿幕 #00FF00 背景，无阴影，画风统一，画面干净无任何文字
[sprite] pending seed=234052677  chars/c4_smile.png
    prompt(140字): 水墨国风插画，宣纸质感，留白构图，暖色灯笼光，角色立绘：孟扶摇，身披洗得发白的青布道袍，面上蒙半层面纱，露出的桃花眼清亮，指甲染凤仙红，腕挂铜钱串，永远抱本破旧天机册，看起来慵懒又神秘smile表情，单人全身立绘，纯绿幕 #00FF00 背景，无阴影，画风统一，画面干净无任何文字
[sprite] pending seed=1130626746 chars/c4_sad.png
    prompt(138字): 水墨国风插画，宣纸质感，留白构图，暖色灯笼光，角色立绘：孟扶摇，身披洗得发白的青布道袍，面上蒙半层面纱，露出的桃花眼清亮，指甲染凤仙红，腕挂铜钱串，永远抱本破旧天机册，看起来慵懒又神秘sad表情，单人全身立绘，纯绿幕 #00FF00 背景，无阴影，画风统一，画面干净无任何文字
[sprite] pending seed=1010199715 chars/c5_normal.png
    prompt(139字): 水墨国风插画，宣纸质感，留白构图，暖色灯笼光，角色立绘：纪无霜，冰肌玉骨，常年穿霜白广袖流仙裙，发间只插白玉簪，面容冷峻总带愁绪，腰挂凌霄宗主令牌，霜寒剑从不离身，看起来清冷又可靠normal表情，单人全身立绘，纯绿幕 #00FF00 背景，无阴影，画风统一，画面干净无任何文字
[sprite] pending seed=1764268303 chars/c5_smile.png
    prompt(138字): 水墨国风插画，宣纸质感，留白构图，暖色灯笼光，角色立绘：纪无霜，冰肌玉骨，常年穿霜白广袖流仙裙，发间只插白玉簪，面容冷峻总带愁绪，腰挂凌霄宗主令牌，霜寒剑从不离身，看起来清冷又可靠smile表情，单人全身立绘，纯绿幕 #00FF00 背景，无阴影，画风统一，画面干净无任何文字
[sprite] pending seed=714147568  chars/c5_sad.png
    prompt(136字): 水墨国风插画，宣纸质感，留白构图，暖色灯笼光，角色立绘：纪无霜，冰肌玉骨，常年穿霜白广袖流仙裙，发间只插白玉簪，面容冷峻总带愁绪，腰挂凌霄宗主令牌，霜寒剑从不离身，看起来清冷又可靠sad表情，单人全身立绘，纯绿幕 #00FF00 背景，无阴影，画风统一，画面干净无任何文字
[sprite] pending seed=1795972528 chars/c6_normal.png
    prompt(142字): 水墨国风插画，宣纸质感，留白构图，暖色灯笼光，角色立绘：阿蛮，狐耳毛茸，琥珀色圆眼，扎两个小揪揪，穿不合身的粗布短衫，袖口裤脚短一截，光着脚，脖子上挂着女主送的木雕小剑，看起来软萌又乖顺normal表情，单人全身立绘，纯绿幕 #00FF00 背景，无阴影，画风统一，画面干净无任何文字
[sprite] pending seed=1922156618 chars/c6_smile.png
    prompt(141字): 水墨国风插画，宣纸质感，留白构图，暖色灯笼光，角色立绘：阿蛮，狐耳毛茸，琥珀色圆眼，扎两个小揪揪，穿不合身的粗布短衫，袖口裤脚短一截，光着脚，脖子上挂着女主送的木雕小剑，看起来软萌又乖顺smile表情，单人全身立绘，纯绿幕 #00FF00 背景，无阴影，画风统一，画面干净无任何文字
[sprite] pending seed=1434036704 chars/c6_sad.png
