[1/4] story_bible …
  [轮次 1] 题材：仙侠（女主视角修仙群像文，要有代入感、CP 好磕）。…
  书名《《九峰听剑》》，角色 11 人
[2/4] 分章大纲（两段）…
  [轮次 2] 书名《《九峰听剑》》。设定：{"title": "《九峰听剑》", "world…
  [轮次 3] 书名《《九峰听剑》》。设定：{"title": "《九峰听剑》", "world…
  章纲 20 章
[3/4] 逐章写作（并发 3，每章落盘即存）…
  第1章审计发现问题，局部修复
  第3章审计发现问题，局部修复
  第2章审计发现问题，局部修复
  第1章完成（0字）
  第2章完成（3248字）
  第3章完成（2610字）
  第4章审计发现问题，局部修复
  第5章审计发现问题，局部修复
  第6章审计发现问题，局部修复
  第5章完成（2388字）
  第4章完成（1794字）
  第6章完成（2535字）
  第7章审计发现问题，局部修复
  第8章审计发现问题，局部修复
  第8章完成（3232字）
  第7章完成（2902字）
  第9章完成（2541字）
  第12章审计发现问题，局部修复
  第11章审计发现问题，局部修复
  第10章审计发现问题，局部修复
  第12章完成（2634字）
  第11章完成（0字）
  第10章完成（0字）
  第13章审计发现问题，局部修复
  第14章审计发现问题，局部修复
  第15章审计发现问题，局部修复
  第14章完成（0字）
  第13章完成（2386字）
  第15章完成（2004字）
  第16章审计发现问题，局部修复
  第17章完成（2261字）
  第18章完成（1977字）
  第16章完成（3690字）
  第19章审计发现问题，局部修复
  第20章审计发现问题，局部修复
  第19章完成（2736字）
  第20章完成（1070字）
[4/4] 合并校对 …
  全文字数：39635
  补写番外第21章（累计 42042 字）
  补写番外第22章（累计 44850 字）
  补写番外第23章（累计 46881 字）
  补写番外第24章（累计 49730 字）
  补写番外第25章（累计 52363 字）

[完成] 《《九峰听剑》》 52363 字，2326s
目录：E:\a-xiuxian\wenyou\demo_gl\novels\《九峰听剑》（全文.md 可直接阅读）
